// Vitest Snapshot v1, https://vitest.dev/guide/snapshot.html

exports[`convertWorkflowFile > handles the npm-ci fixture 1`] = `
[
  {
    "dependencies": {
      "nixpkgs": [
        "nodejs_24",
      ],
    },
    "engine": "nixery",
    "steps": [
      {
        "command": "npm ci --ignore-scripts",
        "name": "Install Dependencies",
      },
      {
        "command": "npm run lint",
        "name": "Lint",
      },
    ],
    "when": [
      {
        "branch": [
          "main",
        ],
        "event": "push",
      },
      {
        "event": "pull_request",
      },
    ],
  },
  {
    "dependencies": {
      "nixpkgs": [
        "nodejs_24",
      ],
    },
    "engine": "nixery",
    "steps": [
      {
        "command": "npm ci --ignore-scripts",
        "name": "Install Dependencies",
      },
      {
        "command": "npm test",
        "name": "Test",
      },
    ],
    "when": [
      {
        "branch": [
          "main",
        ],
        "event": "push",
      },
      {
        "event": "pull_request",
      },
    ],
  },
]
`;

exports[`convertWorkflowFile > handles the vitest-ci fixture 1`] = `
{
  "error": "Unsupported action: ./.github/actions/setup-and-cache",
}
`;

exports[`convertWorkflowFile > handles the vitest-publish fixture 1`] = `
{
  "error": "Unsupported workflow permissions: "contents: write" has no tangled equivalent",
}
`;
